<?xml version="1.0" encoding="UTF-8"?>
<project>
  <actions></actions>
  <description>&lt;p&gt; ST Accordo5-linux release build for all platforms. &lt;/p&gt;&#xd;
&lt;p&gt; Build all supported platforms for accordo5-linux &lt;/p&gt;&#xd;
&lt;p&gt; Triggered when a new tag is pushed on the accordo5-linux manifest&lt;/p&gt;&#xd;
&lt;p&gt; It will deploy resulting binaries to Artifactory&lt;/p&gt;</description>
  <keepDependencies>false</keepDependencies>
  <properties>
    <jenkins.model.BuildDiscarderProperty>
      <strategy class="hudson.tasks.LogRotator">
        <daysToKeep>-1</daysToKeep>
        <numToKeep>500</numToKeep>
        <artifactDaysToKeep>-1</artifactDaysToKeep>
        <artifactNumToKeep>-1</artifactNumToKeep>
      </strategy>
    </jenkins.model.BuildDiscarderProperty>
    <org.bstick12.jenkinsci.plugins.leastload.LeastLoadDisabledProperty plugin="leastload@1.0.3">
      <leastLoadDisabled>false</leastLoadDisabled>
    </org.bstick12.jenkinsci.plugins.leastload.LeastLoadDisabledProperty>
    <com.sonyericsson.rebuild.RebuildSettings plugin="rebuild@1.25">
      <autoRebuild>false</autoRebuild>
      <rebuildDisabled>false</rebuildDisabled>
    </com.sonyericsson.rebuild.RebuildSettings>
    <hudson.model.ParametersDefinitionProperty>
      <parameterDefinitions>
        <hudson.model.StringParameterDefinition>
          <name>ACI_SCRIPTS_URL</name>
          <description></description>
          <defaultValue>ssh://gerrit.st.com:29418/smet/rdk/rdk-build-platform.git</defaultValue>
        </hudson.model.StringParameterDefinition>
        <hudson.model.StringParameterDefinition>
          <name>ACI_SCRIPTS_REF</name>
          <description></description>
          <defaultValue>master</defaultValue>
        </hudson.model.StringParameterDefinition>
        <hudson.model.BooleanParameterDefinition>
          <name>RDK_UPDATE_SOURCE_MIRROR</name>
          <description>Activate publication of downloads to shared mirror</description>
          <defaultValue>false</defaultValue>
        </hudson.model.BooleanParameterDefinition>
        <hudson.model.BooleanParameterDefinition>
          <name>RDK_UPDATE_SSTATE_MIRROR</name>
          <description>Activate publication of sstate cache to shared mirror</description>
          <defaultValue>false</defaultValue>
        </hudson.model.BooleanParameterDefinition>
        <hudson.model.StringParameterDefinition>
          <name>RDK_MANIFESTS_URL</name>
          <description>Manifest repository</description>
          <defaultValue>ssh://gerrit.st.com:29418/accordo5-linux/yocto-bsp.git</defaultValue>
        </hudson.model.StringParameterDefinition>
        <hudson.model.StringParameterDefinition>
          <name>RDK_MANIFESTS_REF</name>
          <description>If set, force build for the given manifest reference. For instance: refs/heads/master or refs/tags/SDK2-ML158-YOCTO-1.0. Otherwise last refs/heads/yocto_master revision will be built.
</description>
          <defaultValue>$GERRIT_REFNAME</defaultValue>
        </hudson.model.StringParameterDefinition>
        <hudson.model.StringParameterDefinition>
          <name>EMAIL_ADDRESS_LIST</name>
          <description>Default email notifications (in addition possibly to notified developers).</description>
          <defaultValue>herve.knochel@st.com</defaultValue>
        </hudson.model.StringParameterDefinition>
        <hudson.model.StringParameterDefinition>
          <name>PLATFORM_FILE</name>
          <description>Supported configurations list file</description>
          <defaultValue>configs-list-release.txt</defaultValue>
        </hudson.model.StringParameterDefinition>
        <hudson.model.BooleanParameterDefinition>
          <name>RDK_TRACE_OE_EXEC</name>
          <description>If set outputs configuration details in job console</description>
          <defaultValue>true</defaultValue>
        </hudson.model.BooleanParameterDefinition>
      </parameterDefinitions>
    </hudson.model.ParametersDefinitionProperty>
    <hudson.plugins.throttleconcurrents.ThrottleJobProperty plugin="throttle-concurrents@2.0.1">
      <maxConcurrentPerNode>0</maxConcurrentPerNode>
      <maxConcurrentTotal>0</maxConcurrentTotal>
      <categories class="java.util.concurrent.CopyOnWriteArrayList"></categories>
      <throttleEnabled>false</throttleEnabled>
      <throttleOption>project</throttleOption>
      <limitOneJobWithMatchingParams>false</limitOneJobWithMatchingParams>
      <paramsToUseForLimit></paramsToUseForLimit>
      <configVersion>1</configVersion>
    </hudson.plugins.throttleconcurrents.ThrottleJobProperty>
  </properties>
  <scm class="hudson.scm.NullSCM"></scm>
  <assignedNode>ubuntu-scheduler-node</assignedNode>
  <canRoam>false</canRoam>
  <disabled>false</disabled>
  <blockBuildWhenDownstreamBuilding>false</blockBuildWhenDownstreamBuilding>
  <blockBuildWhenUpstreamBuilding>false</blockBuildWhenUpstreamBuilding>
  <triggers>
    <com.sonyericsson.hudson.plugins.gerrit.trigger.hudsontrigger.GerritTrigger plugin="gerrit-trigger@2.26.0">
      <spec></spec>
      <gerritProjects>
        <com.sonyericsson.hudson.plugins.gerrit.trigger.hudsontrigger.data.GerritProject>
          <compareType>PLAIN</compareType>
          <pattern>accordo5-linux/yocto-bsp</pattern>
          <branches>
            <com.sonyericsson.hudson.plugins.gerrit.trigger.hudsontrigger.data.Branch>
              <compareType>REG_EXP</compareType>
              <pattern>refs/tags/CARPROC_.*</pattern>
            </com.sonyericsson.hudson.plugins.gerrit.trigger.hudsontrigger.data.Branch>
            <com.sonyericsson.hudson.plugins.gerrit.trigger.hudsontrigger.data.Branch>
              <compareType>REG_EXP</compareType>
              <pattern>refs/tags/GARMIN_.*</pattern>
            </com.sonyericsson.hudson.plugins.gerrit.trigger.hudsontrigger.data.Branch>
          </branches>
          <disableStrictForbiddenFileVerification>false</disableStrictForbiddenFileVerification>
        </com.sonyericsson.hudson.plugins.gerrit.trigger.hudsontrigger.data.GerritProject>
      </gerritProjects>
      <skipVote>
        <onSuccessful>false</onSuccessful>
        <onFailed>false</onFailed>
        <onUnstable>false</onUnstable>
        <onNotBuilt>false</onNotBuilt>
      </skipVote>
      <silentMode>true</silentMode>
      <notificationLevel></notificationLevel>
      <silentStartMode>false</silentStartMode>
      <escapeQuotes>true</escapeQuotes>
      <nameAndEmailParameterMode>PLAIN</nameAndEmailParameterMode>
      <dependencyJobsNames></dependencyJobsNames>
      <commitMessageParameterMode>BASE64</commitMessageParameterMode>
      <changeSubjectParameterMode>PLAIN</changeSubjectParameterMode>
      <commentTextParameterMode>BASE64</commentTextParameterMode>
      <buildStartMessage></buildStartMessage>
      <buildFailureMessage></buildFailureMessage>
      <buildSuccessfulMessage></buildSuccessfulMessage>
      <buildUnstableMessage></buildUnstableMessage>
      <buildNotBuiltMessage></buildNotBuiltMessage>
      <buildUnsuccessfulFilepath></buildUnsuccessfulFilepath>
      <customUrl></customUrl>
      <serverName>gerrit.st.com</serverName>
      <triggerOnEvents>
        <com.sonyericsson.hudson.plugins.gerrit.trigger.hudsontrigger.events.PluginRefUpdatedEvent></com.sonyericsson.hudson.plugins.gerrit.trigger.hudsontrigger.events.PluginRefUpdatedEvent>
      </triggerOnEvents>
      <dynamicTriggerConfiguration>false</dynamicTriggerConfiguration>
      <triggerConfigURL></triggerConfigURL>
      <triggerInformationAction></triggerInformationAction>
    </com.sonyericsson.hudson.plugins.gerrit.trigger.hudsontrigger.GerritTrigger>
  </triggers>
  <concurrentBuild>true</concurrentBuild>
  <builders>
    <hudson.tasks.Shell>
      <command>#!/usr/bin/env bash
set -xeuo pipefail

env

# Cleaning
chmod u+rwX -R .
rm -rf * || true

git clone $ACI_SCRIPTS_URL rdk-build-platform
(cd rdk-build-platform &amp;&amp; git checkout -q ${ACI_SCRIPTS_REF})
env JOB_DEBUG=1 rdk-build-platform/contrib/st-accordo5-linux/st-accordo5-linux-generate-configs.sh

for f in *.config;
do
	cat &lt;$f &gt;$f.enc
	echo "ENC_PARAMS=$(base64 &lt;$f| tr -d '\n')" &gt;&gt;$f.enc
done	
</command>
    </hudson.tasks.Shell>
    <hudson.plugins.parameterizedtrigger.TriggerBuilder plugin="parameterized-trigger@2.35.2">
      <configs>
        <hudson.plugins.parameterizedtrigger.BlockableBuildTriggerConfig>
          <configs class="empty-list"></configs>
          <configFactories>
            <hudson.plugins.parameterizedtrigger.FileBuildParameterFactory>
              <filePattern>*.config.enc</filePattern>
              <noFilesFoundAction>SKIP</noFilesFoundAction>
            </hudson.plugins.parameterizedtrigger.FileBuildParameterFactory>
          </configFactories>
          <projects>accordo5-linux-release-ref-build-platform</projects>
          <condition>ALWAYS</condition>
          <triggerWithNoParameters>false</triggerWithNoParameters>
          <triggerFromChildProjects>false</triggerFromChildProjects>
          <block></block>
          <buildAllNodesWithLabel>false</buildAllNodesWithLabel>
        </hudson.plugins.parameterizedtrigger.BlockableBuildTriggerConfig>
      </configs>
    </hudson.plugins.parameterizedtrigger.TriggerBuilder>
    <hudson.tasks.Shell>
      <command>env JOB_DEBUG=1 rdk-build-platform/contrib/st-accordo5-linux/st-accordo5-linux-generate-multibuild-report.sh accordo5-linux-release-ref-build-platform
</command>
    </hudson.tasks.Shell>
  </builders>
  <publishers>
    <hudson.tasks.ArtifactArchiver>
      <artifacts>*.xml,artifacts/*</artifacts>
      <allowEmptyArchive>false</allowEmptyArchive>
      <onlyIfSuccessful>false</onlyIfSuccessful>
      <fingerprint>false</fingerprint>
      <defaultExcludes>true</defaultExcludes>
      <caseSensitive>true</caseSensitive>
    </hudson.tasks.ArtifactArchiver>
    <hudson.plugins.summary__report.ACIPluginPublisher plugin="summary_report@1.15">
      <name>*.xml</name>
      <shownOnProjectPage>true</shownOnProjectPage>
    </hudson.plugins.summary__report.ACIPluginPublisher>
    <hudson.plugins.emailext.ExtendedEmailPublisher plugin="email-ext@2.60">
      <recipientList>$EMAIL_ADDRESS_LIST</recipientList>
      <configuredTriggers>
        <hudson.plugins.emailext.plugins.trigger.FailureTrigger>
          <email>
            <subject>$PROJECT_DEFAULT_SUBJECT</subject>
            <body>$PROJECT_DEFAULT_CONTENT</body>
            <recipientProviders>
              <hudson.plugins.emailext.plugins.recipients.DevelopersRecipientProvider></hudson.plugins.emailext.plugins.recipients.DevelopersRecipientProvider>
            </recipientProviders>
            <attachmentsPattern></attachmentsPattern>
            <attachBuildLog>false</attachBuildLog>
            <compressBuildLog>false</compressBuildLog>
            <replyTo>$PROJECT_DEFAULT_REPLYTO</replyTo>
            <contentType>project</contentType>
          </email>
        </hudson.plugins.emailext.plugins.trigger.FailureTrigger>
      </configuredTriggers>
      <contentType>default</contentType>
      <defaultSubject>$DEFAULT_SUBJECT</defaultSubject>
      <defaultContent>$DEFAULT_CONTENT</defaultContent>
      <attachmentsPattern></attachmentsPattern>
      <presendScript>$DEFAULT_PRESEND_SCRIPT</presendScript>
      <postsendScript>$DEFAULT_POSTSEND_SCRIPT</postsendScript>
      <attachBuildLog>false</attachBuildLog>
      <compressBuildLog>false</compressBuildLog>
      <replyTo>$DEFAULT_REPLYTO</replyTo>
      <saveOutput>false</saveOutput>
      <disabled>false</disabled>
    </hudson.plugins.emailext.ExtendedEmailPublisher>
  </publishers>
  <buildWrappers>
    <hudson.plugins.timestamper.TimestamperBuildWrapper plugin="timestamper@1.8.8"></hudson.plugins.timestamper.TimestamperBuildWrapper>
  </buildWrappers>
</project>