project:
  actions: ''
  description: "<p> ST Accordo5-linux release build for all platforms. </p>\r\n<p>\
    \ Build all supported platforms for accordo5-linux </p>\r\n<p> Triggered when\
    \ a new tag is pushed on the accordo5-linux manifest</p>\r\n<p> It will deploy\
    \ resulting binaries to Artifactory</p>"
  keepDependencies: 'false'
  properties:
    jenkins.model.BuildDiscarderProperty:
      strategy:
        '@class': hudson.tasks.LogRotator
        daysToKeep: '-1'
        numToKeep: '500'
        artifactDaysToKeep: '-1'
        artifactNumToKeep: '-1'
    org.bstick12.jenkinsci.plugins.leastload.LeastLoadDisabledProperty:
      '@plugin': leastload@1.0.3
      leastLoadDisabled: 'false'
    com.sonyericsson.rebuild.RebuildSettings:
      '@plugin': rebuild@1.25
      autoRebuild: 'false'
      rebuildDisabled: 'false'
    hudson.model.ParametersDefinitionProperty:
      parameterDefinitions:
      - hudson.model.StringParameterDefinition:
          name: ACI_SCRIPTS_URL
          description: ''
          defaultValue: ssh://gerrit.st.com:29418/smet/rdk/rdk-build-platform.git
      - hudson.model.StringParameterDefinition:
          name: ACI_SCRIPTS_REF
          description: ''
          defaultValue: master
      - hudson.model.BooleanParameterDefinition:
          name: RDK_UPDATE_SOURCE_MIRROR
          description: Activate publication of downloads to shared mirror
          defaultValue: 'false'
      - hudson.model.BooleanParameterDefinition:
          name: RDK_UPDATE_SSTATE_MIRROR
          description: Activate publication of sstate cache to shared mirror
          defaultValue: 'false'
      - hudson.model.StringParameterDefinition:
          name: RDK_MANIFESTS_URL
          description: Manifest repository
          defaultValue: ssh://gerrit.st.com:29418/accordo5-linux/yocto-bsp.git
      - hudson.model.StringParameterDefinition:
          name: RDK_MANIFESTS_REF
          description: |
            If set, force build for the given manifest reference. For instance: refs/heads/master or refs/tags/SDK2-ML158-YOCTO-1.0. Otherwise last refs/heads/yocto_master revision will be built.
          defaultValue: $GERRIT_REFNAME
      - hudson.model.StringParameterDefinition:
          name: EMAIL_ADDRESS_LIST
          description: Default email notifications (in addition possibly to notified
            developers).
          defaultValue: herve.knochel@st.com
      - hudson.model.StringParameterDefinition:
          name: PLATFORM_FILE
          description: Supported configurations list file
          defaultValue: configs-list-release.txt
      - hudson.model.BooleanParameterDefinition:
          name: RDK_TRACE_OE_EXEC
          description: If set outputs configuration details in job console
          defaultValue: 'true'
    hudson.plugins.throttleconcurrents.ThrottleJobProperty:
      '@plugin': throttle-concurrents@2.0.1
      maxConcurrentPerNode: '0'
      maxConcurrentTotal: '0'
      categories:
        '@class': java.util.concurrent.CopyOnWriteArrayList
      throttleEnabled: 'false'
      throttleOption: project
      limitOneJobWithMatchingParams: 'false'
      paramsToUseForLimit: ''
      configVersion: '1'
  scm:
    '@class': hudson.scm.NullSCM
  assignedNode: ubuntu-scheduler-node
  canRoam: 'false'
  disabled: 'false'
  blockBuildWhenDownstreamBuilding: 'false'
  blockBuildWhenUpstreamBuilding: 'false'
  triggers:
    com.sonyericsson.hudson.plugins.gerrit.trigger.hudsontrigger.GerritTrigger:
      '@plugin': gerrit-trigger@2.26.0
      spec: ''
      gerritProjects:
        com.sonyericsson.hudson.plugins.gerrit.trigger.hudsontrigger.data.GerritProject:
          compareType: PLAIN
          pattern: accordo5-linux/yocto-bsp
          branches:
          - com.sonyericsson.hudson.plugins.gerrit.trigger.hudsontrigger.data.Branch:
              compareType: REG_EXP
              pattern: refs/tags/CARPROC_.*
          - com.sonyericsson.hudson.plugins.gerrit.trigger.hudsontrigger.data.Branch:
              compareType: REG_EXP
              pattern: refs/tags/GARMIN_.*
          disableStrictForbiddenFileVerification: 'false'
      skipVote:
        onSuccessful: 'false'
        onFailed: 'false'
        onUnstable: 'false'
        onNotBuilt: 'false'
      silentMode: 'true'
      notificationLevel: ''
      silentStartMode: 'false'
      escapeQuotes: 'true'
      nameAndEmailParameterMode: PLAIN
      dependencyJobsNames: ''
      commitMessageParameterMode: BASE64
      changeSubjectParameterMode: PLAIN
      commentTextParameterMode: BASE64
      buildStartMessage: ''
      buildFailureMessage: ''
      buildSuccessfulMessage: ''
      buildUnstableMessage: ''
      buildNotBuiltMessage: ''
      buildUnsuccessfulFilepath: ''
      customUrl: ''
      serverName: gerrit.st.com
      triggerOnEvents:
        com.sonyericsson.hudson.plugins.gerrit.trigger.hudsontrigger.events.PluginRefUpdatedEvent: ''
      dynamicTriggerConfiguration: 'false'
      triggerConfigURL: ''
      triggerInformationAction: ''
  concurrentBuild: 'true'
  builders:
  - hudson.tasks.Shell:
      command: "#!/usr/bin/env bash\nset -xeuo pipefail\n\nenv\n\n# Cleaning\nchmod\
        \ u+rwX -R .\nrm -rf * || true\n\ngit clone $ACI_SCRIPTS_URL rdk-build-platform\n\
        (cd rdk-build-platform && git checkout -q ${ACI_SCRIPTS_REF})\nenv JOB_DEBUG=1\
        \ rdk-build-platform/contrib/st-accordo5-linux/st-accordo5-linux-generate-configs.sh\n\
        \nfor f in *.config;\ndo\n\tcat <$f >$f.enc\n\techo \"ENC_PARAMS=$(base64\
        \ <$f| tr -d '\\n')\" >>$f.enc\ndone\t\n"
  - hudson.plugins.parameterizedtrigger.TriggerBuilder:
      '@plugin': parameterized-trigger@2.35.2
      configs:
        hudson.plugins.parameterizedtrigger.BlockableBuildTriggerConfig:
          configs:
            '@class': empty-list
          configFactories:
            hudson.plugins.parameterizedtrigger.FileBuildParameterFactory:
              filePattern: '*.config.enc'
              noFilesFoundAction: SKIP
          projects: accordo5-linux-release-ref-build-platform
          condition: ALWAYS
          triggerWithNoParameters: 'false'
          triggerFromChildProjects: 'false'
          block: ''
          buildAllNodesWithLabel: 'false'
  - hudson.tasks.Shell:
      command: |
        env JOB_DEBUG=1 rdk-build-platform/contrib/st-accordo5-linux/st-accordo5-linux-generate-multibuild-report.sh accordo5-linux-release-ref-build-platform
  publishers:
    hudson.tasks.ArtifactArchiver:
      artifacts: '*.xml,artifacts/*'
      allowEmptyArchive: 'false'
      onlyIfSuccessful: 'false'
      fingerprint: 'false'
      defaultExcludes: 'true'
      caseSensitive: 'true'
    hudson.plugins.summary__report.ACIPluginPublisher:
      '@plugin': summary_report@1.15
      name: '*.xml'
      shownOnProjectPage: 'true'
    hudson.plugins.emailext.ExtendedEmailPublisher:
      '@plugin': email-ext@2.60
      recipientList: $EMAIL_ADDRESS_LIST
      configuredTriggers:
        hudson.plugins.emailext.plugins.trigger.FailureTrigger:
          email:
            subject: $PROJECT_DEFAULT_SUBJECT
            body: $PROJECT_DEFAULT_CONTENT
            recipientProviders:
              hudson.plugins.emailext.plugins.recipients.DevelopersRecipientProvider: ''
            attachmentsPattern: ''
            attachBuildLog: 'false'
            compressBuildLog: 'false'
            replyTo: $PROJECT_DEFAULT_REPLYTO
            contentType: project
      contentType: default
      defaultSubject: $DEFAULT_SUBJECT
      defaultContent: $DEFAULT_CONTENT
      attachmentsPattern: ''
      presendScript: $DEFAULT_PRESEND_SCRIPT
      postsendScript: $DEFAULT_POSTSEND_SCRIPT
      attachBuildLog: 'false'
      compressBuildLog: 'false'
      replyTo: $DEFAULT_REPLYTO
      saveOutput: 'false'
      disabled: 'false'
  buildWrappers:
    hudson.plugins.timestamper.TimestamperBuildWrapper:
      '@plugin': timestamper@1.8.8
